
Usuario@DESKTOP-KUAFQH4 MINGW64 /d/projetoNode/manageTasks
$ npx sequelize-cli model:create --name MnTasks --attributes userId:integer,userName:string,userRole:string

Sequelize CLI [Node: 16.14.2, CLI: 6.4.1, ORM: 6.17.0]


ERROR: Unable to find models path (D:\projetoNode\manageTasks\db\api\models). Did you run sequelize init?


Usuario@DESKTOP-KUAFQH4 MINGW64 /d/projetoNode/manageTasks
$ npx sequelize-cli model:create --name MnTasks --attributes userId:integer,userName:string,userRole:string

Sequelize CLI [Node: 16.14.2, CLI: 6.4.1, ORM: 6.17.0]

New model was created at D:\projetoNode\manageTasks\api\models\mntasks.js .
New migration was created at D:\projetoNode\manageTasks\api\migrations\20220402224534-create-mn-tasks.js .

Usuario@DESKTOP-KUAFQH4 MINGW64 /d/projetoNode/manageTasks
$ nps sequelize-cli seed:generate --name demo-task
bash: nps: command not found

Usuario@DESKTOP-KUAFQH4 MINGW64 /d/projetoNode/manageTasks
$ npx sequelize-cli seed:generate --name demo-task

Sequelize CLI [Node: 16.14.2, CLI: 6.4.1, ORM: 6.17.0]

seeders folder at "D:\projetoNode\manageTasks\api\seeders" already exists.
New seed was created at D:\projetoNode\manageTasks\api\seeders\20220403014034-demo-task.js .

Usuario@DESKTOP-KUAFQH4 MINGW64 /d/projetoNode/manageTasks
$ npx sequelize-cli db:seed:all

Sequelize CLI [Node: 16.14.2, CLI: 6.4.1, ORM: 6.17.0]

Loaded configuration file "api\config\config.json".
Using environment "development".
== 20220403014034-demo-task: migrating =======
== 20220403014034-demo-task: migrated (0.025s)


Usuario@DESKTOP-KUAFQH4 MINGW64 /d/projetoNode/manageTasks
$ npx sequelize-cli model:create --name Users --atributes userName:string,userRole:string

Sequelize CLI [Node: 16.14.2, CLI: 6.4.1, ORM: 6.17.0]

Options:
  --version          Show version number  [boolean]
  --help             Show help  [boolean]
  --env              The environment to run the command in  [string] [default: "development"]
  --config           The path to the config file  [string]
  --options-path     The path to a JSON file with additional options  [string]
  --migrations-path  The path to the migrations folder  [string] [default: "migrations"]
  --seeders-path     The path to the seeders folder  [string] [default: "seeders"]
  --models-path      The path to the models folder  [string] [default: "models"]
  --url              The database connection string to use. Alternative to using --config files  [string]
  --debug            When available show various debug information  [boolean] [default: false]
  --name             Defines the name of the new model  [string] [required]
  --attributes       A list of attributes  [string] [required]
  --force            Forcefully re-creates model with the same name  [string]
  --underscored      Use snake case for the timestamp's attribute names  [boolean] [default: false]

Missing required argument: attributes

Usuario@DESKTOP-KUAFQH4 MINGW64 /d/projetoNode/manageTasks
$ npx sequelize-cli model:create --name Users --attributes userName:string,userRole:string

Sequelize CLI [Node: 16.14.2, CLI: 6.4.1, ORM: 6.17.0]

New model was created at D:\projetoNode\manageTasks\api\models\users.js .
New migration was created at D:\projetoNode\manageTasks\api\migrations\20220403020742-create-users.js .

Usuario@DESKTOP-KUAFQH4 MINGW64 /d/projetoNode/manageTasks
$ npx sequelize-cli model:create --name Tasks --attributes -summary:string(2500),userID:integer
bash: syntax error near unexpected token `('

Usuario@DESKTOP-KUAFQH4 MINGW64 /d/projetoNode/manageTasks
$ npx sequelize-cli model:create --name Tasks --attributes -summary:string,userID:integer

Sequelize CLI [Node: 16.14.2, CLI: 6.4.1, ORM: 6.17.0]

Options:
  --version          Show version number  [boolean]
  --help             Show help  [boolean]
  --env              The environment to run the command in  [string] [default: "development"]
  --config           The path to the config file  [string]
  --options-path     The path to a JSON file with additional options  [string]
  --migrations-path  The path to the migrations folder  [string] [default: "migrations"]
  --seeders-path     The path to the seeders folder  [string] [default: "seeders"]
  --models-path      The path to the models folder  [string] [default: "models"]
  --url              The database connection string to use. Alternative to using --config files  [string]
  --debug            When available show various debug information  [boolean] [default: false]
  --name             Defines the name of the new model  [string] [required]
  --attributes       A list of attributes  [string] [required]
  --force            Forcefully re-creates model with the same name  [string]
  --underscored      Use snake case for the timestamp's attribute names  [boolean] [default: false]

Unknown arguments: s, u, m, a, r, y

Usuario@DESKTOP-KUAFQH4 MINGW64 /d/projetoNode/manageTasks
$ npx sequelize-cli model:create --name Tasks --attributes summary:string(2500),userID:integer
bash: syntax error near unexpected token `('

Usuario@DESKTOP-KUAFQH4 MINGW64 /d/projetoNode/manageTasks
$ npx sequelize-cli model:create --name Tasks --attributes summary:string,userID:integer

Sequelize CLI [Node: 16.14.2, CLI: 6.4.1, ORM: 6.17.0]

New model was created at D:\projetoNode\manageTasks\api\models\tasks.js .
New migration was created at D:\projetoNode\manageTasks\api\migrations\20220403021036-create-tasks.js .

Usuario@DESKTOP-KUAFQH4 MINGW64 /d/projetoNode/manageTasks
$ npx sequelize-cli db:migrate

Sequelize CLI [Node: 16.14.2, CLI: 6.4.1, ORM: 6.17.0]

Loaded configuration file "api\config\config.json".
Using environment "development".
== 20220403020742-create-users: migrating =======
== 20220403020742-create-users: migrated (0.081s)

== 20220403021036-create-tasks: migrating =======
== 20220403021036-create-tasks: migrated (0.076s)


Usuario@DESKTOP-KUAFQH4 MINGW64 /d/projetoNode/manageTasks
$ npx sequelize-cli seed:generate --name demo-task

Sequelize CLI [Node: 16.14.2, CLI: 6.4.1, ORM: 6.17.0]

seeders folder at "D:\projetoNode\manageTasks\api\seeders" already exists.
New seed was created at D:\projetoNode\manageTasks\api\seeders\20220403021209-demo-task.js .

Usuario@DESKTOP-KUAFQH4 MINGW64 /d/projetoNode/manageTasks
$ npx sequelize-cli seed:generate --name demo-user

Sequelize CLI [Node: 16.14.2, CLI: 6.4.1, ORM: 6.17.0]

seeders folder at "D:\projetoNode\manageTasks\api\seeders" already exists.
New seed was created at D:\projetoNode\manageTasks\api\seeders\20220403022840-demo-user.js .

Usuario@DESKTOP-KUAFQH4 MINGW64 /d/projetoNode/manageTasks
$ npx sequelize-cli db:seed:all

Sequelize CLI [Node: 16.14.2, CLI: 6.4.1, ORM: 6.17.0]

Loaded configuration file "api\config\config.json".
Using environment "development".
== 20220403021209-demo-task: migrating =======
== 20220403021209-demo-task: migrated (0.023s)

== 20220403022840-demo-user: migrating =======
== 20220403022840-demo-user: migrated (0.016s)


Usuario@DESKTOP-KUAFQH4 MINGW64 /d/projetoNode/manageTasks
$
